// Jest Snapshot v1, https://goo.gl/fbAQLP

exports[`Button should match snapshot 1`] = `
<button
  class="sc-3c650bf1-0 dUazBJ"
  font-size="inherit"
  width="90%"
>
  test
</button>
`;
