// Jest Snapshot v1, https://goo.gl/fbAQLP

exports[`Module should take a snapshot of the document 1`] = `
<h2
  class="sc-9eb0259e-0 kSMpJi"
>
  test
</h2>
`;
