// Jest Snapshot v1, https://goo.gl/fbAQLP

exports[`Heading should match snapshot 1`] = `
<h1
  class="sc-e26ab1cd-0 idkQwD"
>
  test
</h1>
`;
